
> @prc/staff-bylines@1.1.0 build
> wp-scripts build --webpack-copy-php --experimental-modules && wp-scripts build-blocks-manifest && wp-scripts build --source-path=includes/bylines-inspector-sidebar-panel/src --output-path=includes/bylines-inspector-sidebar-panel/build && wp-scripts build --source-path=includes/staff-inspector-sidebar-panel/src --output-path=includes/staff-inspector-sidebar-panel/build

assets by path staff-query/ 33.3 KiB 8 assets
assets by path bylines-query/ 10.2 KiB 8 assets
assets by path bylines-display/ 10.5 KiB
  assets by chunk 4.93 KiB (name: bylines-display/index) 4 assets
  assets by chunk 1.15 KiB (id hint: style) 2 assets
  + 2 assets
assets by path staff-context-provider/ 9.22 KiB
  assets by chunk 3.67 KiB (name: staff-context-provider/index) 4 assets
  assets by chunk 1.48 KiB (name: staff-context-provider/style-index) 2 assets
  + 2 assets
assets by path staff-info/ 12 KiB
  assets by path staff-info/*.php 7.9 KiB 2 assets
  asset staff-info/index.js 3.86 KiB [emitted] [minimized] (name: staff-info/index)
  asset staff-info/block.json 195 bytes [emitted] [from: src/staff-info/block.json] [copied]
Entrypoint bylines-display/index 6.08 KiB = 6 assets
Entrypoint bylines-query/index 5.36 KiB = 6 assets
Entrypoint staff-context-provider/index 5.16 KiB = 6 assets
Entrypoint staff-info/index 3.96 KiB = staff-info/index.js 3.86 KiB staff-info/index.asset.php 95 bytes
Entrypoint staff-query/index 27.3 KiB = 6 assets
orphan modules 115 KiB (javascript) 7.32 KiB (runtime) [orphan] 110 modules
runtime modules 11.7 KiB 18 modules
built modules 2.48 KiB (css/mini-extract) 98.1 KiB (javascript) [built]
  cacheable modules 2.48 KiB
    modules by path ./src/bylines-display/ 872 bytes 2 modules
    modules by path ./src/bylines-query/ 143 bytes 2 modules
    modules by path ./src/staff-context-provider/ 843 bytes 2 modules
    modules by path ./src/staff-query/ 678 bytes 2 modules
  javascript modules 98.1 KiB
    ./src/bylines-display/index.ts + 12 modules 6.68 KiB [not cacheable] [built] [code generated]
    ./src/bylines-query/index.ts + 13 modules 7.79 KiB [not cacheable] [built] [code generated]
    ./src/staff-context-provider/index.ts + 12 modules 6.17 KiB [not cacheable] [built] [code generated]
    ./src/staff-info/index.ts + 1 modules 5.6 KiB [not cacheable] [built] [code generated]
    ./src/staff-query/index.ts + 36 modules 71.9 KiB [not cacheable] [built] [code generated]
webpack 5.106.2 compiled successfully in 2366 ms

webpack 5.106.2 compiled successfully in 15 ms
Block metadata PHP file generated at: build/blocks-manifest.php
assets by chunk 40.3 KiB (name: index)
  asset index.js 40 KiB [emitted] [minimized] (name: index)
  asset index.asset.php 268 bytes [emitted] (name: index)
assets by path ./*.css 146 bytes
  asset ./style-index-rtl.css 73 bytes [emitted] (name: ./style-index) (id hint: style)
  asset ./style-index.css 73 bytes [emitted] (name: ./style-index) (id hint: style)
Entrypoint index 40.4 KiB = ./style-index.css 73 bytes ./style-index-rtl.css 73 bytes index.js 40 KiB index.asset.php 268 bytes
orphan modules 335 KiB (javascript) 937 bytes (runtime) [orphan] 370 modules
runtime modules 2.51 KiB 3 modules
built modules 105 KiB (javascript) 72 bytes (css/mini-extract) [built]
  ./includes/bylines-inspector-sidebar-panel/src/index.jsx + 40 modules 105 KiB [not cacheable] [built] [code generated]
  css ../../node_modules/css-loader/dist/cjs.js??ruleSet[1].rules[3].use[1]!../../node_modules/postcss-loader/dist/cjs.js??ruleSet[1].rules[3].use[2]!../../node_modules/sass-loader/dist/cjs.js??ruleSet[1].rules[3].use[3]!./includes/bylines-inspector-sidebar-panel/src/style.scss 72 bytes [built] [code generated]
webpack 5.106.2 compiled successfully in 2591 ms
asset index.js 2.75 KiB [emitted] [minimized] (name: index)
asset index.asset.php 217 bytes [emitted] (name: index)
Entrypoint index 2.96 KiB = index.js 2.75 KiB index.asset.php 217 bytes
orphan modules 5.6 KiB [orphan] 12 modules
./includes/staff-inspector-sidebar-panel/src/index.jsx + 12 modules 6.17 KiB [not cacheable] [built] [code generated]
webpack 5.106.2 compiled successfully in 774 ms
